---
source: test-harness/src/harness.rs
expression: snapshot
info:
  kind:
    Translate:
      backend: fstar
  info:
    name: traits
    manifest: traits/Cargo.toml
    description: ~
  spec:
    optional: false
    broken: false
    issue_id: ~
    positive: true
    snapshot:
      stderr: true
      stdout: true
    include_flag: ~
---
exit = 0
stderr = '''
Compiling traits v0.1.0 (WORKSPACE_ROOT/traits)
    Finished dev [unoptimized + debuginfo] target(s) in XXs'''

[stdout]
diagnostics = []

[stdout.files]
"Traits.fst" = '''
module Traits
#set-options "--fuel 0 --ifuel 1 --z3rlimit 15"
open Core
open FStar.Mul

let impl_2__method (#v_T: Type) (x: v_T) : Prims.unit = f_bar x

class t_Bar (v_Self: Type) = { f_bar:v_Self -> Prims.unit }

class t_Lang (v_Self: Type) = {
  [@@@ FStar.Tactics.Typeclasses.no_method]_super_529871881:Core.Marker.t_Sized v_Self;
  f_Var:Type;
  f_Var_6601305896307871948:Core.Marker.t_Sized _;
  f_s:v_Self -> i32 -> (v_Self & _)
}

class t_SuperTrait (v_Self: Type) = {
  [@@@ FStar.Tactics.Typeclasses.no_method]_super_590399929:Core.Clone.t_Clone v_Self;
  f_function_of_super_trait:v_Self -> u32
}

[@@ FStar.Tactics.Typeclasses.tcinstance]
let impl_SuperTrait_for_i32: t_SuperTrait i32 =
  {
    f_function_of_super_trait = fun (self: i32) -> cast (Core.Num.impl__i32__abs self <: i32) <: u32
  }

class t_Foo (v_Self: Type) = {
  f_AssocType:Type;
  f_AssocType_6857934811705287863:t_SuperTrait _;
  f_AssocType_1499648403794240798:Core.Clone.t_Clone _;
  f_AssocType_3786252681321530780:Core.Marker.t_Sized _;
  f_N:usize;
  f_assoc_f:Prims.unit -> Prims.unit;
  f_method_f:v_Self -> Prims.unit;
  f_assoc_type:{| i3: Core.Marker.t_Copy _ |} -> _ -> Prims.unit
}

let closure_impl_expr
      (#v_I: Type)
      (#[FStar.Tactics.Typeclasses.tcresolve ()] i0: Core.Marker.t_Sized v_I)
      (#[FStar.Tactics.Typeclasses.tcresolve ()] i1: Core.Iter.Traits.Iterator.t_Iterator v_I)
      (it: v_I)
    : Alloc.Vec.t_Vec Prims.unit Alloc.Alloc.t_Global =
  Core.Iter.Traits.Iterator.f_collect (Core.Iter.Traits.Iterator.f_map it (fun x -> x)
      <:
      Core.Iter.Adapters.Map.t_Map v_I (Prims.unit -> Prims.unit))

let closure_impl_expr_fngen
      (#v_I #v_F: Type)
      (#[FStar.Tactics.Typeclasses.tcresolve ()] i0: Core.Marker.t_Sized v_I)
      (#[FStar.Tactics.Typeclasses.tcresolve ()] i1: Core.Marker.t_Sized v_F)
      (#[FStar.Tactics.Typeclasses.tcresolve ()] i2: Core.Iter.Traits.Iterator.t_Iterator v_I)
      (#[FStar.Tactics.Typeclasses.tcresolve ()] i3: Core.Ops.Function.t_FnMut v_F Prims.unit)
      (it: v_I)
      (f: v_F)
    : Alloc.Vec.t_Vec Prims.unit Alloc.Alloc.t_Global =
  Core.Iter.Traits.Iterator.f_collect (Core.Iter.Traits.Iterator.f_map it f
      <:
      Core.Iter.Adapters.Map.t_Map v_I v_F)

let f
      (#v_T: Type)
      (#[FStar.Tactics.Typeclasses.tcresolve ()] i0: Core.Marker.t_Sized v_T)
      (#[FStar.Tactics.Typeclasses.tcresolve ()] i1: t_Foo v_T)
      (x: v_T)
    : Prims.unit =
  let _:Prims.unit = f_assoc_f () in
  f_method_f x

let g
      (#v_T: Type)
      (#[FStar.Tactics.Typeclasses.tcresolve ()] i0: Core.Marker.t_Sized v_T)
      (#[FStar.Tactics.Typeclasses.tcresolve ()] i1: t_Foo v_T)
      (x: i1.f_AssocType)
    : u32 = f_function_of_super_trait x

[@@ FStar.Tactics.Typeclasses.tcinstance]
let impl_Foo_for_tuple_: t_Foo Prims.unit =
  {
    f_AssocType = i32;
    f_N = sz 32;
    f_assoc_f = () <: Prims.unit;
    f_method_f = (fun (self: Prims.unit) -> f_assoc_f ());
    f_assoc_type = fun (_: i32) -> ()
  }

type t_Struct = | Struct : t_Struct
'''
