---
source: test-harness/src/harness.rs
expression: snapshot
info:
  kind:
    Translate:
      backend: fstar
  info:
    name: pattern-or
    manifest: pattern-or/Cargo.toml
    description: ~
  spec:
    optional: false
    broken: false
    issue_id: ~
    positive: true
    snapshot:
      stderr: true
      stdout: true
    include_flag: ~
    backend_options: ~
---
exit = 0
stderr = 'Finished `dev` profile [unoptimized + debuginfo] target(s) in XXs'

[stdout]
diagnostics = []

[stdout.files]
"Pattern_or.fst" = '''
module Pattern_or
#set-options "--fuel 0 --ifuel 1 --z3rlimit 15"
open Core
open FStar.Mul

type t_E =
  | E_A : t_E
  | E_B : t_E

let t_E_cast_to_repr (x: t_E) : isize =
  match x <: t_E with
  | E_A  -> mk_isize 0
  | E_B  -> mk_isize 1

let bar (x: t_E) : Prims.unit = match x <: t_E with | E_A  | E_B  -> () <: Prims.unit

let deep (x: (i32 & Core.Option.t_Option i32)) : i32 =
  match x <: (i32 & Core.Option.t_Option i32) with
  | Rust_primitives.Integers.MkInt 1, Core.Option.Option_Some (Rust_primitives.Integers.MkInt 3)
  | Rust_primitives.Integers.MkInt 1, Core.Option.Option_Some (Rust_primitives.Integers.MkInt 4)
  | Rust_primitives.Integers.MkInt 2, Core.Option.Option_Some (Rust_primitives.Integers.MkInt 3)
  | Rust_primitives.Integers.MkInt 2, Core.Option.Option_Some (Rust_primitives.Integers.MkInt 4) ->
    mk_i32 0
  | x, _ -> x

let deep_capture (x: Core.Result.t_Result (i32 & i32) (i32 & i32)) : i32 =
  match x <: Core.Result.t_Result (i32 & i32) (i32 & i32) with
  | Core.Result.Result_Ok (Rust_primitives.Integers.MkInt 1, x)
  | Core.Result.Result_Ok (Rust_primitives.Integers.MkInt 2, x)
  | Core.Result.Result_Err (Rust_primitives.Integers.MkInt 3, x)
  | Core.Result.Result_Err (Rust_primitives.Integers.MkInt 4, x) -> x
  | Core.Result.Result_Ok (x, _) | Core.Result.Result_Err (x, _) -> x

let equivalent (x: (i32 & Core.Option.t_Option i32)) : i32 =
  match x <: (i32 & Core.Option.t_Option i32) with
  | Rust_primitives.Integers.MkInt 1, Core.Option.Option_Some (Rust_primitives.Integers.MkInt 3)
  | Rust_primitives.Integers.MkInt 1, Core.Option.Option_Some (Rust_primitives.Integers.MkInt 4)
  | Rust_primitives.Integers.MkInt 2, Core.Option.Option_Some (Rust_primitives.Integers.MkInt 3)
  | Rust_primitives.Integers.MkInt 2, Core.Option.Option_Some (Rust_primitives.Integers.MkInt 4) ->
    mk_i32 0
  | x, _ -> x

let nested (x: Core.Option.t_Option i32) : i32 =
  match x <: Core.Option.t_Option i32 with
  | Core.Option.Option_Some (Rust_primitives.Integers.MkInt 1)
  | Core.Option.Option_Some (Rust_primitives.Integers.MkInt 2) -> mk_i32 1
  | Core.Option.Option_Some x -> x
  | Core.Option.Option_None  -> mk_i32 0
'''
