---
source: test-harness/src/harness.rs
expression: snapshot
info:
  kind:
    Translate:
      backend: fstar
  info:
    name: naming
    manifest: naming/Cargo.toml
    description: ~
  spec:
    optional: false
    broken: false
    issue_id: ~
    positive: true
    snapshot:
      stderr: false
      stdout: true
---
exit = 0

[stdout]
diagnostics = []

[stdout.files]
"Naming.F.G.Impl_1.G.Hello.fst" = '''
module Naming.F.G.Impl_1.G.Hello
#set-options "--fuel 0 --ifuel 1 --z3rlimit 15"
open Core

let h: Prims.unit = ()'''
"Naming.fst" = '''
module Naming
#set-options "--fuel 0 --ifuel 1 --z3rlimit 15"
open Core

type t_Foo =
  | Foo_A : t_Foo
  | Foo_B { f_x:usize }: t_Foo

let impl__Foo__f (self: t_Foo) : t_Foo = Foo_A

type t_Foo2 =
  | Foo2_A : t_Foo2
  | Foo2_B { f_x:usize }: t_Foo2

class t_T1 (v_Self: Type) = { __marker_trait_t_T1:Prims.unit }

let impl_T1_for_Foo: t_T1 t_Foo = { __marker_trait = () }

let impl_T1_for_tuple_Foo_u8: t_T1 (t_Foo & u8) = { __marker_trait = () }

class t_T2_for_a (v_Self: Type) = { __marker_trait_t_T2_for_a:Prims.unit }

class t_T3_e_for_a (v_Self: Type) = { __marker_trait_t_T3_e_for_a:Prims.unit }

let impl_T3_e_e_for_a_for_Foo: t_T3_e_for_a t_Foo = { __marker_trait = () }

let ff__g: Prims.unit = ()

type t_f__g__impl__g__Foo =
  | C_f__g__impl__g__Foo_A : t_f__g__impl__g__Foo
  | C_f__g__impl__g__Foo_B { f_x:usize }: t_f__g__impl__g__Foo

let ff__g__impl_1__g (self: t_Foo) : usize = sz 1

let reserved_names (v_val v_noeq v_of: u8) : u8 = (v_val +! v_noeq <: u8) +! v_of

type t_Arity1 (v_T: Type) {| _: Core.Marker.t_Sized v_T |} = | Arity1 : v_T -> t_Arity1 v_T

let impl_T2_e_for_a_for_Arity1_of_tuple_Foo_u8: t_T2_for_a (t_Arity1 (t_Foo & u8)) =
  { __marker_trait = () }

type t_B = | B : t_B

let impl__B__f (self: t_B) : t_B = B

type t_C = { f_x:usize }

type t_Foobar = { f_a:t_Foo }

type t_X = | X : t_X

let f (x: t_Foobar) : usize = ff__g__impl_1__g x.f_a

let ff__g__impl__g (self: t_B) : usize = sz 0

let mk_c: t_C =
  let _:t_Foo = Foo_B ({ Naming.Foo.f_x = sz 3 }) in
  let _:t_X = X in
  { f_x = sz 3 }'''
