---
source: test-harness/src/harness.rs
expression: snapshot
info:
  kind:
    Translate:
      backend: fstar
  info:
    name: enum-repr
    manifest: enum-repr/Cargo.toml
    description: ~
  spec:
    optional: false
    broken: false
    issue_id: ~
    positive: true
    snapshot:
      stderr: true
      stdout: true
    include_flag: ~
    backend_options: ~
---
exit = 0
stderr = 'Finished `dev` profile [unoptimized + debuginfo] target(s) in XXs'

[stdout]
diagnostics = []

[stdout.files]
"Enum_repr.fst" = '''
module Enum_repr
#set-options "--fuel 0 --ifuel 1 --z3rlimit 15"
open Core
open FStar.Mul

type t_EnumWithRepr =
  | EnumWithRepr_ExplicitDiscr1 : t_EnumWithRepr
  | EnumWithRepr_ExplicitDiscr2 : t_EnumWithRepr
  | EnumWithRepr_ImplicitDiscrEmptyTuple : t_EnumWithRepr
  | EnumWithRepr_ImplicitDiscrEmptyStruct : t_EnumWithRepr

let anon_const_EnumWithRepr_ExplicitDiscr1__anon_const_0: u16 = mk_u16 1

let anon_const_EnumWithRepr_ExplicitDiscr2__anon_const_0: u16 = mk_u16 5

let t_EnumWithRepr_cast_to_repr (x: t_EnumWithRepr) : u16 =
  match x <: t_EnumWithRepr with
  | EnumWithRepr_ExplicitDiscr1  -> anon_const_EnumWithRepr_ExplicitDiscr1__anon_const_0
  | EnumWithRepr_ExplicitDiscr2  -> anon_const_EnumWithRepr_ExplicitDiscr2__anon_const_0
  | EnumWithRepr_ImplicitDiscrEmptyTuple  ->
    anon_const_EnumWithRepr_ExplicitDiscr2__anon_const_0 +! mk_u16 1
  | EnumWithRepr_ImplicitDiscrEmptyStruct  ->
    anon_const_EnumWithRepr_ExplicitDiscr2__anon_const_0 +! mk_u16 2

type t_ImplicitReprs =
  | ImplicitReprs_A : t_ImplicitReprs
  | ImplicitReprs_B : t_ImplicitReprs
  | ImplicitReprs_C : t_ImplicitReprs
  | ImplicitReprs_D : t_ImplicitReprs
  | ImplicitReprs_E : t_ImplicitReprs
  | ImplicitReprs_F : t_ImplicitReprs
  | ImplicitReprs_G : t_ImplicitReprs
  | ImplicitReprs_H : t_ImplicitReprs
  | ImplicitReprs_I : t_ImplicitReprs

let anon_const_ImplicitReprs_E__anon_const_0: u64 = mk_u64 30

let t_ImplicitReprs_cast_to_repr (x: t_ImplicitReprs) : u64 =
  match x <: t_ImplicitReprs with
  | ImplicitReprs_A  -> mk_u64 0
  | ImplicitReprs_B  -> mk_u64 1
  | ImplicitReprs_C  -> mk_u64 2
  | ImplicitReprs_D  -> mk_u64 3
  | ImplicitReprs_E  -> anon_const_ImplicitReprs_E__anon_const_0
  | ImplicitReprs_F  -> anon_const_ImplicitReprs_E__anon_const_0 +! mk_u64 1
  | ImplicitReprs_G  -> anon_const_ImplicitReprs_E__anon_const_0 +! mk_u64 2
  | ImplicitReprs_H  -> anon_const_ImplicitReprs_E__anon_const_0 +! mk_u64 3
  | ImplicitReprs_I  -> anon_const_ImplicitReprs_E__anon_const_0 +! mk_u64 4

let f (_: Prims.unit) : u32 =
  let e_x:u16 =
    cast (anon_const_EnumWithRepr_ExplicitDiscr2__anon_const_0 +! mk_u16 0 <: u16) <: u16
  in
  (cast (t_EnumWithRepr_cast_to_repr (EnumWithRepr_ImplicitDiscrEmptyTuple <: t_EnumWithRepr) <: u16
      )
    <:
    u32) +!
  (cast (t_EnumWithRepr_cast_to_repr (EnumWithRepr_ImplicitDiscrEmptyStruct <: t_EnumWithRepr)
        <:
        u16)
    <:
    u32)

let f__v_CONST: u16 =
  cast (anon_const_EnumWithRepr_ExplicitDiscr1__anon_const_0 +! mk_u16 0 <: u16) <: u16

let get_repr (x: t_EnumWithRepr) : u16 = t_EnumWithRepr_cast_to_repr x

let get_casted_repr (x: t_EnumWithRepr) : u64 = cast (t_EnumWithRepr_cast_to_repr x <: u16) <: u64
'''
