---
source: test-harness/src/harness.rs
expression: snapshot
info:
  kind:
    Translate:
      backend: fstar
  info:
    name: interface-only
    manifest: cli/interface-only/Cargo.toml
    description: ~
  spec:
    optional: false
    broken: false
    issue_id: ~
    positive: true
    snapshot:
      stderr: true
      stdout: true
    include_flag: "+:** -interface_only::Foo"
    backend_options: ~
---
exit = 0
stderr = '''
Compiling interface-only v0.1.0 (WORKSPACE_ROOT/cli/interface-only)
    Finished dev [unoptimized + debuginfo] target(s) in XXs'''

[stdout]
diagnostics = []

[stdout.files]
"Interface_only.fsti" = '''
module Interface_only
#set-options "--fuel 0 --ifuel 1 --z3rlimit 15"
open Core
open FStar.Mul

val f (x: u8) : Prims.Pure Prims.unit Prims.l_True (fun _ -> Prims.l_True)
'''
