---
source: test-harness/src/harness.rs
expression: snapshot
info:
  kind:
    Lint:
      linter: rust
  info:
    name: fnmut
    manifest: /home/lucas/repos/thir-export/custom-test-harness/tests/lint/rust/fnmut/Cargo.toml
    description: ~
  spec:
    optional: false
    broken: false
    issue_id: ~
    positive: true
    snapshot:
      stderr: true
      stdout: true
---
exit = 0
stderr = '''
Compiling fnmut v0.1.0 (WORKSPACE_ROOT/lint/rust/fnmut)
warning: [Hax] FnMut is not supported
 --> lint/rust/fnmut/src/lib.rs:8:12
  |
8 |         F: FnMut(u32) -> u8;
  |            ^^^^^

warning: [Hax] FnMut is not supported
  --> lint/rust/fnmut/src/lib.rs:16:12
   |
16 |         F: FnMut(u32) -> u8,
   |            ^^^^^

warning: `fnmut` (lib) generated 2 warnings
    Finished dev [unoptimized + debuginfo] target(s) in XXs'''
stdout = ''
